teest
